test_invalid_or_nonfinite_timing_rejected (test_acceptance_mode.ClientTimingTest.test_invalid_or_nonfinite_timing_rejected) ... ok
test_keeps_ttft_request_latency_and_distinct_throughputs (test_acceptance_mode.ClientTimingTest.test_keeps_ttft_request_latency_and_distinct_throughputs) ... ok
test_actual_mtp_bound_by_response_id_not_order (test_acceptance_mode.RequestModeTest.test_actual_mtp_bound_by_response_id_not_order) ... ok
test_failed_http_counts_do_not_crash_mode_audit (test_acceptance_mode.RequestModeTest.test_failed_http_counts_do_not_crash_mode_audit) ... ok
test_invalid_work_counts (test_acceptance_mode.RequestModeTest.test_invalid_work_counts) ... ok
test_mtp_plain_fallback_rejected (test_acceptance_mode.RequestModeTest.test_mtp_plain_fallback_rejected) ... ok
test_mtp_requires_actual_steps_and_expected_path (test_acceptance_mode.RequestModeTest.test_mtp_requires_actual_steps_and_expected_path) ... ok
test_mtp_startup_alone_is_insufficient (test_acceptance_mode.RequestModeTest.test_mtp_startup_alone_is_insufficient) ... ok
test_new_plain_path_must_be_consistent_when_present (test_acceptance_mode.RequestModeTest.test_new_plain_path_must_be_consistent_when_present) ... ok
test_old_plain_baseline_compatible_without_new_log (test_acceptance_mode.RequestModeTest.test_old_plain_baseline_compatible_without_new_log) ... ok
test_prefill_only_short_terminal_is_separate (test_acceptance_mode.RequestModeTest.test_prefill_only_short_terminal_is_separate) ... ok
test_valid_mtp_with_explicit_bounded_context_tail (test_acceptance_mode.RequestModeTest.test_valid_mtp_with_explicit_bounded_context_tail) ... ok
test_wrong_missing_and_duplicate_identity_rejected (test_acceptance_mode.RequestModeTest.test_wrong_missing_and_duplicate_identity_rejected) ... ok
test_actual_sequential_with_output_tail (test_acceptance_mode.SequentialModeTest.test_actual_sequential_with_output_tail) ... ok
test_completed_output_binds_actual_target_consumption (test_acceptance_mode.SequentialModeTest.test_completed_output_binds_actual_target_consumption) ... ok
test_invalid_or_missing_forward_counts_rejected (test_acceptance_mode.SequentialModeTest.test_invalid_or_missing_forward_counts_rejected) ... ok
test_legacy_and_mislabelled_paths_rejected (test_acceptance_mode.SequentialModeTest.test_legacy_and_mislabelled_paths_rejected) ... ok
test_pure_tail_and_prefill_have_no_speculative_work (test_acceptance_mode.SequentialModeTest.test_pure_tail_and_prefill_have_no_speculative_work) ... ok
test_startup_requires_actual_sequential_verifier (test_acceptance_mode.SequentialModeTest.test_startup_requires_actual_sequential_verifier) ... ok
test_tail_reason_and_count_must_agree (test_acceptance_mode.SequentialModeTest.test_tail_reason_and_count_must_agree) ... ok
test_terminal_step_skips_exactly_one_extend (test_acceptance_mode.SequentialModeTest.test_terminal_step_skips_exactly_one_extend) ... ok
test_actual_mode_mismatch (test_acceptance_mode.StartupModeTest.test_actual_mode_mismatch) ... ok
test_changed_capacity_or_media_is_not_the_matrix (test_acceptance_mode.StartupModeTest.test_changed_capacity_or_media_is_not_the_matrix) ... ok
test_duplicate_records_fields_or_malformed_tokens (test_acceptance_mode.StartupModeTest.test_duplicate_records_fields_or_malformed_tokens) ... ok
test_explicit_plain_and_mtp (test_acceptance_mode.StartupModeTest.test_explicit_plain_and_mtp) ... ok
test_missing_startup_evidence (test_acceptance_mode.StartupModeTest.test_missing_startup_evidence) ... ok
test_all_paths_and_prefill_progress (test_request_cancellation.AccountingAndPathTest.test_all_paths_and_prefill_progress) ... ok
test_changed_recovery_step_count_rejected (test_request_cancellation.AccountingAndPathTest.test_changed_recovery_step_count_rejected) ... ok
test_cross_mode_or_fallback_rejected (test_request_cancellation.AccountingAndPathTest.test_cross_mode_or_fallback_rejected) ... ok
test_frozen_nine_four_five_counters (test_request_cancellation.AccountingAndPathTest.test_frozen_nine_four_five_counters) ... ok
test_missing_duplicate_metric_rejected (test_request_cancellation.AccountingAndPathTest.test_missing_duplicate_metric_rejected) ... ok
test_missing_extra_duplicate_paths_rejected (test_request_cancellation.AccountingAndPathTest.test_missing_extra_duplicate_paths_rejected) ... ok
test_missing_or_unbounded_prefill_progress_rejected (test_request_cancellation.AccountingAndPathTest.test_missing_or_unbounded_prefill_progress_rejected) ... ok
test_missing_or_wrong_interrupt_reason_rejected (test_request_cancellation.AccountingAndPathTest.test_missing_or_wrong_interrupt_reason_rejected) ... ok
test_prefill_progress_must_be_adjacent_to_actual_request_id (test_request_cancellation.AccountingAndPathTest.test_prefill_progress_must_be_adjacent_to_actual_request_id) ... ok
test_chunked_sse_and_utf8_split_across_chunks (test_request_cancellation.HttpBodyContractTest.test_chunked_sse_and_utf8_split_across_chunks) ... ok
test_empty_eof_is_not_decode_content (test_request_cancellation.HttpBodyContractTest.test_empty_eof_is_not_decode_content) ... ok
test_response_byte_limit_and_total_deadline_rejected (test_request_cancellation.HttpBodyContractTest.test_response_byte_limit_and_total_deadline_rejected) ... ok
test_rst_content_and_completion_in_one_read_is_rejected (test_request_cancellation.HttpBodyContractTest.test_rst_content_and_completion_in_one_read_is_rejected) ... ok
test_rst_keeps_incomplete_sse_utf8_tail_unparsed (test_request_cancellation.HttpBodyContractTest.test_rst_keeps_incomplete_sse_utf8_tail_unparsed) ... ok
test_truncated_content_length_rejected (test_request_cancellation.HttpBodyContractTest.test_truncated_content_length_rejected) ... ok
test_exact_nine_request_order_keeps_prefill (test_request_cancellation.PlanAndFixtureTest.test_exact_nine_request_order_keeps_prefill) ... ok
test_input_metadata_bound_without_historical_output_oracle (test_request_cancellation.PlanAndFixtureTest.test_input_metadata_bound_without_historical_output_oracle) ... ok
test_missing_ambiguous_or_changed_fixture_rejected (test_request_cancellation.PlanAndFixtureTest.test_missing_ambiguous_or_changed_fixture_rejected) ... ok
test_cancellation_rejects_usage_finish_duplicate_error_done (test_request_cancellation.ResponseContractTest.test_cancellation_rejects_usage_finish_duplicate_error_done) ... ok
test_error_before_content_is_not_a_decode_interruption (test_request_cancellation.ResponseContractTest.test_error_before_content_is_not_a_decode_interruption) ... ok
test_explicit_and_deadline_require_content_and_error (test_request_cancellation.ResponseContractTest.test_explicit_and_deadline_require_content_and_error) ... ok
test_fresh_control_and_same_response_recovery (test_request_cancellation.ResponseContractTest.test_fresh_control_and_same_response_recovery) ... ok
test_missing_control_and_changed_recovery_rejected (test_request_cancellation.ResponseContractTest.test_missing_control_and_changed_recovery_rejected) ... ok
test_missing_or_duplicate_usage_is_not_success (test_request_cancellation.ResponseContractTest.test_missing_or_duplicate_usage_is_not_success) ... ok
test_normal_completion_cannot_be_cancellation (test_request_cancellation.ResponseContractTest.test_normal_completion_cannot_be_cancellation) ... ok
test_partial_rst_requires_actual_id_and_nonempty_content (test_request_cancellation.ResponseContractTest.test_partial_rst_requires_actual_id_and_nonempty_content) ... ok
test_prefill_has_its_own_nonstreaming_error (test_request_cancellation.ResponseContractTest.test_prefill_has_its_own_nonstreaming_error) ... ok
test_consistent_but_wrong_completed_counts_rejected (test_request_cancellation.SequentialRecoveryTest.test_consistent_but_wrong_completed_counts_rejected) ... ok
test_invalid_attempt_counts_are_not_recovery_success (test_request_cancellation.SequentialRecoveryTest.test_invalid_attempt_counts_are_not_recovery_success) ... ok
test_legacy_and_wrong_requested_verifier_rejected (test_request_cancellation.SequentialRecoveryTest.test_legacy_and_wrong_requested_verifier_rejected) ... ok
test_recovery_accounting_must_equal_fresh_control (test_request_cancellation.SequentialRecoveryTest.test_recovery_accounting_must_equal_fresh_control) ... ok
test_same_mode_control_and_recoveries_include_tail (test_request_cancellation.SequentialRecoveryTest.test_same_mode_control_and_recoveries_include_tail) ... ok
test_invalid_type_and_token_rejected_without_throwing (test_response_identity.ResponseIdentityTest.test_invalid_type_and_token_rejected_without_throwing) ... ok
test_maximum_length_id (test_response_identity.ResponseIdentityTest.test_maximum_length_id) ... ok
test_missing_id_on_content_or_finish_rejected (test_response_identity.ResponseIdentityTest.test_missing_id_on_content_or_finish_rejected) ... ok
test_mixed_ids_rejected_including_usage (test_response_identity.ResponseIdentityTest.test_mixed_ids_rejected_including_usage) ... ok
test_no_recorded_identity_rejected (test_response_identity.ResponseIdentityTest.test_no_recorded_identity_rejected) ... ok
test_nonstream_response (test_response_identity.ResponseIdentityTest.test_nonstream_response) ... ok
test_stream_chunks_share_actual_id (test_response_identity.ResponseIdentityTest.test_stream_chunks_share_actual_id) ... ok
test_usage_only_without_id_is_not_a_fabricated_id (test_response_identity.ResponseIdentityTest.test_usage_only_without_id_is_not_a_fabricated_id) ... ok
test_code_ast_is_not_functional_pass (test_sustained_quality.SustainedQualityTest.test_code_ast_is_not_functional_pass) ... ok
test_code_unsafe_or_unrequested_constructs_rejected_without_execution (test_sustained_quality.SustainedQualityTest.test_code_unsafe_or_unrequested_constructs_rejected_without_execution) ... ok
test_early_eos_is_separate_missing_coverage (test_sustained_quality.SustainedQualityTest.test_early_eos_is_separate_missing_coverage) ... ok
test_exact_128_and_512_length_coverage (test_sustained_quality.SustainedQualityTest.test_exact_128_and_512_length_coverage) ... ok
test_exact_pair_ids_are_not_compared (test_sustained_quality.SustainedQualityTest.test_exact_pair_ids_are_not_compared) ... ok
test_excerpt_is_exact_complete_source_not_plain_answer (test_sustained_quality.SustainedQualityTest.test_excerpt_is_exact_complete_source_not_plain_answer) ... ok
test_fixture_binary_and_model_binding (test_sustained_quality.SustainedQualityTest.test_fixture_binary_and_model_binding) ... ok
test_frozen_matrix_and_budget (test_sustained_quality.SustainedQualityTest.test_frozen_matrix_and_budget) ... ok
test_incomplete_code_is_preserved_as_failed_semantics (test_sustained_quality.SustainedQualityTest.test_incomplete_code_is_preserved_as_failed_semantics) ... ok
test_invalid_observations_rejected (test_sustained_quality.SustainedQualityTest.test_invalid_observations_rejected) ... ok
test_join_oracle_uses_approved_revision_and_actual_chain (test_sustained_quality.SustainedQualityTest.test_join_oracle_uses_approved_revision_and_actual_chain) ... ok
test_ledger_oracle_derived_from_supplied_rows (test_sustained_quality.SustainedQualityTest.test_ledger_oracle_derived_from_supplied_rows) ... ok
test_mode_order_and_missing_cases_rejected (test_sustained_quality.SustainedQualityTest.test_mode_order_and_missing_cases_rejected) ... ok
test_output_must_belong_to_pair (test_sustained_quality.SustainedQualityTest.test_output_must_belong_to_pair) ... ok
test_production_admission_limits_matrix (test_sustained_quality.SustainedQualityTest.test_production_admission_limits_matrix) ... ok
test_production_context_path_and_tail_reason (test_sustained_quality.SustainedQualityTest.test_production_context_path_and_tail_reason) ... ok
test_prompt_usage_finish_each_bound (test_sustained_quality.SustainedQualityTest.test_prompt_usage_finish_each_bound) ... ok
test_reference_must_be_current_pair_plain (test_sustained_quality.SustainedQualityTest.test_reference_must_be_current_pair_plain) ... ok
test_reference_reextracts_observations_and_requires_actual_mode_audit (test_sustained_quality.SustainedQualityTest.test_reference_reextracts_observations_and_requires_actual_mode_audit) ... ok
test_semantic_failure_does_not_mask_numerical_pass (test_sustained_quality.SustainedQualityTest.test_semantic_failure_does_not_mask_numerical_pass) ... ok
test_shared_budget_prevents_phase_retry_and_wrong_binding (test_sustained_quality.SustainedQualityTest.test_shared_budget_prevents_phase_retry_and_wrong_binding) ... ok
test_shared_deadline_and_byte_cap_rejected (test_sustained_quality.SustainedQualityTest.test_shared_deadline_and_byte_cap_rejected) ... ok
test_summary_checks_explicitly_need_manual_review (test_sustained_quality.SustainedQualityTest.test_summary_checks_explicitly_need_manual_review) ... ok
test_whitespace_difference_fails_exact_pair (test_sustained_quality.SustainedQualityTest.test_whitespace_difference_fails_exact_pair) ... ok
test_failure_rejects_fallback_even_with_error_response (test_mtp_failure_recovery.FailureRecoveryContractTest.test_failure_rejects_fallback_even_with_error_response) ... ok
test_failure_rejects_forged_core_attempt_counts (test_mtp_failure_recovery.FailureRecoveryContractTest.test_failure_rejects_forged_core_attempt_counts) ... ok
test_failure_rejects_plain_work_after_fault (test_mtp_failure_recovery.FailureRecoveryContractTest.test_failure_rejects_plain_work_after_fault) ... ok
test_failure_requires_production_drain (test_mtp_failure_recovery.FailureRecoveryContractTest.test_failure_requires_production_drain) ... ok
test_failure_requires_real_forward (test_mtp_failure_recovery.FailureRecoveryContractTest.test_failure_requires_real_forward) ... ok
test_fault_response_rejects_normal_finish (test_mtp_failure_recovery.FailureRecoveryContractTest.test_fault_response_rejects_normal_finish) ... ok
test_fault_response_rejects_usage (test_mtp_failure_recovery.FailureRecoveryContractTest.test_fault_response_rejects_usage) ... ok
test_fault_response_rejects_wrong_actual_identity (test_mtp_failure_recovery.FailureRecoveryContractTest.test_fault_response_rejects_wrong_actual_identity) ... ok
test_fault_response_requires_error_last (test_mtp_failure_recovery.FailureRecoveryContractTest.test_fault_response_requires_error_last) ... ok
test_five_request_log_binds_counts_resets_and_drains (test_mtp_failure_recovery.FailureRecoveryContractTest.test_five_request_log_binds_counts_resets_and_drains) ... ok
test_log_rejects_changed_recovery_accounting (test_mtp_failure_recovery.FailureRecoveryContractTest.test_log_rejects_changed_recovery_accounting) ... ok
test_log_rejects_duplicate_observer_fields (test_mtp_failure_recovery.FailureRecoveryContractTest.test_log_rejects_duplicate_observer_fields) ... ok
test_logical_error_allows_no_content_before_failure (test_mtp_failure_recovery.FailureRecoveryContractTest.test_logical_error_allows_no_content_before_failure) ... ok
test_metrics_distinguish_generation_failure_from_cancel (test_mtp_failure_recovery.FailureRecoveryContractTest.test_metrics_distinguish_generation_failure_from_cancel) ... ok
test_metrics_reject_missing_or_duplicate_errors (test_mtp_failure_recovery.FailureRecoveryContractTest.test_metrics_reject_missing_or_duplicate_errors) ... ok
test_normal_production_binary_is_rejected (test_mtp_failure_recovery.FailureRecoveryContractTest.test_normal_production_binary_is_rejected) ... ok
test_recovery_rejects_stale_host_history (test_mtp_failure_recovery.FailureRecoveryContractTest.test_recovery_rejects_stale_host_history) ... ok
test_recovery_requires_fresh_draft_reset (test_mtp_failure_recovery.FailureRecoveryContractTest.test_recovery_requires_fresh_draft_reset) ... ok

----------------------------------------------------------------------
Ran 108 tests in 0.039s

OK
