test_ambiguous_or_malformed_source_is_rejected (test_mtp_mode.CancellationModeTest.test_ambiguous_or_malformed_source_is_rejected) ... ok
test_decode_recovery_pins_historical_t4 (test_mtp_mode.CancellationModeTest.test_decode_recovery_pins_historical_t4) ... ok
test_decode_recovery_rejects_an_mtp_oracle (test_mtp_mode.CancellationModeTest.test_decode_recovery_rejects_an_mtp_oracle) ... ok
test_full_explicit_source_verifier_is_not_reinterpreted (test_mtp_mode.CancellationModeTest.test_full_explicit_source_verifier_is_not_reinterpreted) ... ok
test_full_omitted_source_verifier_is_historical_t4 (test_mtp_mode.CancellationModeTest.test_full_omitted_source_verifier_is_historical_t4) ... ok
test_full_plain_remains_plain (test_mtp_mode.CancellationModeTest.test_full_plain_remains_plain) ... ok
test_same_mode_default_ignores_source_verifier (test_mtp_mode.CancellationModeTest.test_same_mode_default_ignores_source_verifier) ... ok
test_same_mode_explicit_sequential_remains_sequential (test_mtp_mode.CancellationModeTest.test_same_mode_explicit_sequential_remains_sequential) ... ok
test_same_mode_explicit_t4_remains_t4 (test_mtp_mode.CancellationModeTest.test_same_mode_explicit_t4_remains_t4) ... ok
test_scope_and_override_restrictions_remain (test_mtp_mode.CancellationModeTest.test_scope_and_override_restrictions_remain) ... ok
test_missing_request_verifier_remains_t4 (test_mtp_mode.HistoricalEvidenceModeTest.test_missing_request_verifier_remains_t4) ... ok
test_missing_startup_verifier_remains_t4 (test_mtp_mode.HistoricalEvidenceModeTest.test_missing_startup_verifier_remains_t4) ... ok
test_explicit_verifiers_are_preserved (test_mtp_mode.NewRunModeTest.test_explicit_verifiers_are_preserved) ... ok
test_invalid_modes_do_not_become_defaults (test_mtp_mode.NewRunModeTest.test_invalid_modes_do_not_become_defaults) ... ok
test_omitted_mtp_verifier_is_explicit_sequential (test_mtp_mode.NewRunModeTest.test_omitted_mtp_verifier_is_explicit_sequential) ... ok
test_plain_command_has_no_verifier (test_mtp_mode.NewRunModeTest.test_plain_command_has_no_verifier) ... ok
test_plain_explicit_verifier_is_rejected (test_mtp_mode.NewRunModeTest.test_plain_explicit_verifier_is_rejected) ... ok
test_invalid_or_nonfinite_timing_rejected (test_acceptance_mode.ClientTimingTest.test_invalid_or_nonfinite_timing_rejected) ... ok
test_keeps_ttft_request_latency_and_distinct_throughputs (test_acceptance_mode.ClientTimingTest.test_keeps_ttft_request_latency_and_distinct_throughputs) ... ok
test_actual_mtp_bound_by_response_id_not_order (test_acceptance_mode.RequestModeTest.test_actual_mtp_bound_by_response_id_not_order) ... ok
test_failed_http_counts_do_not_crash_mode_audit (test_acceptance_mode.RequestModeTest.test_failed_http_counts_do_not_crash_mode_audit) ... ok
test_invalid_work_counts (test_acceptance_mode.RequestModeTest.test_invalid_work_counts) ... ok
test_mtp_plain_fallback_rejected (test_acceptance_mode.RequestModeTest.test_mtp_plain_fallback_rejected) ... ok
test_mtp_requires_actual_steps_and_expected_path (test_acceptance_mode.RequestModeTest.test_mtp_requires_actual_steps_and_expected_path) ... ok
test_mtp_startup_alone_is_insufficient (test_acceptance_mode.RequestModeTest.test_mtp_startup_alone_is_insufficient) ... ok
test_new_plain_path_must_be_consistent_when_present (test_acceptance_mode.RequestModeTest.test_new_plain_path_must_be_consistent_when_present) ... ok
test_old_plain_baseline_compatible_without_new_log (test_acceptance_mode.RequestModeTest.test_old_plain_baseline_compatible_without_new_log) ... ok
test_prefill_only_short_terminal_is_separate (test_acceptance_mode.RequestModeTest.test_prefill_only_short_terminal_is_separate) ... ok
test_valid_mtp_with_explicit_bounded_context_tail (test_acceptance_mode.RequestModeTest.test_valid_mtp_with_explicit_bounded_context_tail) ... ok
test_wrong_missing_and_duplicate_identity_rejected (test_acceptance_mode.RequestModeTest.test_wrong_missing_and_duplicate_identity_rejected) ... ok
test_actual_sequential_with_output_tail (test_acceptance_mode.SequentialModeTest.test_actual_sequential_with_output_tail) ... ok
test_completed_output_binds_actual_target_consumption (test_acceptance_mode.SequentialModeTest.test_completed_output_binds_actual_target_consumption) ... ok
test_invalid_or_missing_forward_counts_rejected (test_acceptance_mode.SequentialModeTest.test_invalid_or_missing_forward_counts_rejected) ... ok
test_legacy_and_mislabelled_paths_rejected (test_acceptance_mode.SequentialModeTest.test_legacy_and_mislabelled_paths_rejected) ... ok
test_pure_tail_and_prefill_have_no_speculative_work (test_acceptance_mode.SequentialModeTest.test_pure_tail_and_prefill_have_no_speculative_work) ... ok
test_startup_requires_actual_sequential_verifier (test_acceptance_mode.SequentialModeTest.test_startup_requires_actual_sequential_verifier) ... ok
test_tail_reason_and_count_must_agree (test_acceptance_mode.SequentialModeTest.test_tail_reason_and_count_must_agree) ... ok
test_terminal_step_skips_exactly_one_extend (test_acceptance_mode.SequentialModeTest.test_terminal_step_skips_exactly_one_extend) ... ok
test_actual_mode_mismatch (test_acceptance_mode.StartupModeTest.test_actual_mode_mismatch) ... ok
test_changed_capacity_or_media_is_not_the_matrix (test_acceptance_mode.StartupModeTest.test_changed_capacity_or_media_is_not_the_matrix) ... ok
test_duplicate_records_fields_or_malformed_tokens (test_acceptance_mode.StartupModeTest.test_duplicate_records_fields_or_malformed_tokens) ... ok
test_explicit_plain_and_mtp (test_acceptance_mode.StartupModeTest.test_explicit_plain_and_mtp) ... ok
test_missing_startup_evidence (test_acceptance_mode.StartupModeTest.test_missing_startup_evidence) ... ok
test_all_paths_and_prefill_progress (test_request_cancellation.AccountingAndPathTest.test_all_paths_and_prefill_progress) ... ok
test_changed_recovery_step_count_rejected (test_request_cancellation.AccountingAndPathTest.test_changed_recovery_step_count_rejected) ... ok
test_cross_mode_or_fallback_rejected (test_request_cancellation.AccountingAndPathTest.test_cross_mode_or_fallback_rejected) ... ok
test_frozen_nine_four_five_counters (test_request_cancellation.AccountingAndPathTest.test_frozen_nine_four_five_counters) ... ok
test_missing_duplicate_metric_rejected (test_request_cancellation.AccountingAndPathTest.test_missing_duplicate_metric_rejected) ... ok
test_missing_extra_duplicate_paths_rejected (test_request_cancellation.AccountingAndPathTest.test_missing_extra_duplicate_paths_rejected) ... ok
test_missing_or_unbounded_prefill_progress_rejected (test_request_cancellation.AccountingAndPathTest.test_missing_or_unbounded_prefill_progress_rejected) ... ok
test_missing_or_wrong_interrupt_reason_rejected (test_request_cancellation.AccountingAndPathTest.test_missing_or_wrong_interrupt_reason_rejected) ... ok
test_prefill_progress_must_be_adjacent_to_actual_request_id (test_request_cancellation.AccountingAndPathTest.test_prefill_progress_must_be_adjacent_to_actual_request_id) ... ok
test_chunked_sse_and_utf8_split_across_chunks (test_request_cancellation.HttpBodyContractTest.test_chunked_sse_and_utf8_split_across_chunks) ... ok
test_empty_eof_is_not_decode_content (test_request_cancellation.HttpBodyContractTest.test_empty_eof_is_not_decode_content) ... ok
test_response_byte_limit_and_total_deadline_rejected (test_request_cancellation.HttpBodyContractTest.test_response_byte_limit_and_total_deadline_rejected) ... ok
test_rst_content_and_completion_in_one_read_is_rejected (test_request_cancellation.HttpBodyContractTest.test_rst_content_and_completion_in_one_read_is_rejected) ... ok
test_rst_keeps_incomplete_sse_utf8_tail_unparsed (test_request_cancellation.HttpBodyContractTest.test_rst_keeps_incomplete_sse_utf8_tail_unparsed) ... ok
test_truncated_content_length_rejected (test_request_cancellation.HttpBodyContractTest.test_truncated_content_length_rejected) ... ok
test_exact_nine_request_order_keeps_prefill (test_request_cancellation.PlanAndFixtureTest.test_exact_nine_request_order_keeps_prefill) ... ok
test_input_metadata_bound_without_historical_output_oracle (test_request_cancellation.PlanAndFixtureTest.test_input_metadata_bound_without_historical_output_oracle) ... ok
test_missing_ambiguous_or_changed_fixture_rejected (test_request_cancellation.PlanAndFixtureTest.test_missing_ambiguous_or_changed_fixture_rejected) ... ok
test_cancellation_rejects_usage_finish_duplicate_error_done (test_request_cancellation.ResponseContractTest.test_cancellation_rejects_usage_finish_duplicate_error_done) ... ok
test_error_before_content_is_not_a_decode_interruption (test_request_cancellation.ResponseContractTest.test_error_before_content_is_not_a_decode_interruption) ... ok
test_explicit_and_deadline_require_content_and_error (test_request_cancellation.ResponseContractTest.test_explicit_and_deadline_require_content_and_error) ... ok
test_fresh_control_and_same_response_recovery (test_request_cancellation.ResponseContractTest.test_fresh_control_and_same_response_recovery) ... ok
test_missing_control_and_changed_recovery_rejected (test_request_cancellation.ResponseContractTest.test_missing_control_and_changed_recovery_rejected) ... ok
test_missing_or_duplicate_usage_is_not_success (test_request_cancellation.ResponseContractTest.test_missing_or_duplicate_usage_is_not_success) ... ok
test_normal_completion_cannot_be_cancellation (test_request_cancellation.ResponseContractTest.test_normal_completion_cannot_be_cancellation) ... ok
test_partial_rst_requires_actual_id_and_nonempty_content (test_request_cancellation.ResponseContractTest.test_partial_rst_requires_actual_id_and_nonempty_content) ... ok
test_prefill_has_its_own_nonstreaming_error (test_request_cancellation.ResponseContractTest.test_prefill_has_its_own_nonstreaming_error) ... ok
test_consistent_but_wrong_completed_counts_rejected (test_request_cancellation.SequentialRecoveryTest.test_consistent_but_wrong_completed_counts_rejected) ... ok
test_invalid_attempt_counts_are_not_recovery_success (test_request_cancellation.SequentialRecoveryTest.test_invalid_attempt_counts_are_not_recovery_success) ... ok
test_legacy_and_wrong_requested_verifier_rejected (test_request_cancellation.SequentialRecoveryTest.test_legacy_and_wrong_requested_verifier_rejected) ... ok
test_recovery_accounting_must_equal_fresh_control (test_request_cancellation.SequentialRecoveryTest.test_recovery_accounting_must_equal_fresh_control) ... ok
test_same_mode_control_and_recoveries_include_tail (test_request_cancellation.SequentialRecoveryTest.test_same_mode_control_and_recoveries_include_tail) ... ok

----------------------------------------------------------------------
Ran 75 tests in 0.007s

OK
