test_artifact_output_rejects_tracked_source_and_external_directory (test_analyze_mirror_retention.RetentionRunnerContracts.test_artifact_output_rejects_tracked_source_and_external_directory) ... ok
test_candidate_requires_positive_common_bound_and_ordered_route_equality (test_analyze_mirror_retention.RetentionRunnerContracts.test_candidate_requires_positive_common_bound_and_ordered_route_equality) ... ok
test_corrupt_tail_after_last_decode_is_not_a_partial_pass (test_analyze_mirror_retention.RetentionRunnerContracts.test_corrupt_tail_after_last_decode_is_not_a_partial_pass) ... ok
test_execution_requires_passed_contract_receipt_for_same_source (test_analyze_mirror_retention.RetentionRunnerContracts.test_execution_requires_passed_contract_receipt_for_same_source) ... ok
test_frozen_scope_rejects_budget_scope_and_boolean_drift (test_analyze_mirror_retention.RetentionRunnerContracts.test_frozen_scope_rejects_budget_scope_and_boolean_drift) ... ok
test_full_trace_closes_gpu_prefixes_sources_and_retains_all_plans (test_analyze_mirror_retention.RetentionRunnerContracts.test_full_trace_closes_gpu_prefixes_sources_and_retains_all_plans) ... ok
test_incomplete_or_omitted_comparison_position_cannot_pass (test_analyze_mirror_retention.RetentionRunnerContracts.test_incomplete_or_omitted_comparison_position_cannot_pass) ... ok
test_invalid_ledger_rejected (test_analyze_mirror_retention.RetentionRunnerContracts.test_invalid_ledger_rejected) ... ok
test_l2_only_or_different_endpoint_redundancy_cannot_nominate (test_analyze_mirror_retention.RetentionRunnerContracts.test_l2_only_or_different_endpoint_redundancy_cannot_nominate) ... ok
test_manifest_requires_all_positions_and_exact_group_order (test_analyze_mirror_retention.RetentionRunnerContracts.test_manifest_requires_all_positions_and_exact_group_order) ... ok
test_manifest_wrong_trace_hash_and_runtime_identity_fail (test_analyze_mirror_retention.RetentionRunnerContracts.test_manifest_wrong_trace_hash_and_runtime_identity_fail) ... ok
test_observer_unknown_loss_or_incomplete_source_cannot_pass (test_analyze_mirror_retention.RetentionRunnerContracts.test_observer_unknown_loss_or_incomplete_source_cannot_pass) ... ok
test_same_length_and_routes_with_different_input_tokens_cannot_nominate (test_analyze_mirror_retention.RetentionRunnerContracts.test_same_length_and_routes_with_different_input_tokens_cannot_nominate) ... ok
test_snapshot_source_alias_and_observer_layer_identity_fail (test_analyze_mirror_retention.RetentionRunnerContracts.test_snapshot_source_alias_and_observer_layer_identity_fail) ... ok
test_wrong_forward_identity_fails_before_any_projected_plan (test_analyze_mirror_retention.RetentionRunnerContracts.test_wrong_forward_identity_fails_before_any_projected_plan) ... ok
test_wrong_input_hash_retains_failure_and_existing_output_is_preserved (test_analyze_mirror_retention.RetentionRunnerContracts.test_wrong_input_hash_retains_failure_and_existing_output_is_preserved) ... ok
test_wrong_per_layer_l2_clock_fails_after_gpu_closure (test_analyze_mirror_retention.RetentionRunnerContracts.test_wrong_per_layer_l2_clock_fails_after_gpu_closure) ... ok
test_wrong_physical_endpoint_fails_after_eof (test_analyze_mirror_retention.RetentionRunnerContracts.test_wrong_physical_endpoint_fails_after_eof) ... ok
test_wrong_prefix_counter_fails_at_that_prefix (test_analyze_mirror_retention.RetentionRunnerContracts.test_wrong_prefix_counter_fails_at_that_prefix) ... ok
test_common_only_caps_are_separate_from_total_capacity (test_mirror_retention.CommonIntervalContracts.test_common_only_caps_are_separate_from_total_capacity) ... ok
test_hand_calculated_positive_common_difference_interval (test_mirror_retention.CommonIntervalContracts.test_hand_calculated_positive_common_difference_interval) ... ok
test_independent_finite_candidate_assignments_fit_every_interval (test_mirror_retention.CommonIntervalContracts.test_independent_finite_candidate_assignments_fit_every_interval) ... ok
test_missing_tail_on_either_comparison_side_rejects (test_mirror_retention.CommonIntervalContracts.test_missing_tail_on_either_comparison_side_rejects) ... ok
test_route_order_mismatch_is_retained_even_when_sets_match (test_mirror_retention.CommonIntervalContracts.test_route_order_mismatch_is_retained_even_when_sets_match) ... ok
test_zero_observed_candidates_have_zero_common_interval (test_mirror_retention.CommonIntervalContracts.test_zero_observed_candidates_have_zero_common_interval) ... ok
test_counts_flags_and_dimensions_reject_bool_or_negative (test_mirror_retention.RetentionContracts.test_counts_flags_and_dimensions_reject_bool_or_negative) ... ok
test_current_victims_enter_possible_set_only_next_plan (test_mirror_retention.RetentionContracts.test_current_victims_enter_possible_set_only_next_plan) ... ok
test_empty_phase_and_disabled_ring_have_zero_capacity (test_mirror_retention.RetentionContracts.test_empty_phase_and_disabled_ring_have_zero_capacity) ... ok
test_entry_gpu_duplicate_first_eviction_precedes_first_miss (test_mirror_retention.RetentionContracts.test_entry_gpu_duplicate_first_eviction_precedes_first_miss) ... ok
test_entry_support_has_no_invented_eviction_time (test_mirror_retention.RetentionContracts.test_entry_support_has_no_invented_eviction_time) ... ok
test_first_miss_and_first_eviction_are_independent_with_right_censoring (test_mirror_retention.RetentionContracts.test_first_miss_and_first_eviction_are_independent_with_right_censoring) ... ok
test_intervening_count_excludes_both_endpoint_plans (test_mirror_retention.RetentionContracts.test_intervening_count_excludes_both_endpoint_plans) ... ok
test_late_plan_shape_and_invalid_ids_reject (test_mirror_retention.RetentionContracts.test_late_plan_shape_and_invalid_ids_reject) ... ok
test_latest_prior_eviction_replaces_old_distance_only (test_mirror_retention.RetentionContracts.test_latest_prior_eviction_replaces_old_distance_only) ... ok
test_old_victims_are_not_trimmed_to_last_k (test_mirror_retention.RetentionContracts.test_old_victims_are_not_trimmed_to_last_k) ... ok
test_plan_sequence_is_fully_consumed_and_exact_length (test_mirror_retention.RetentionContracts.test_plan_sequence_is_fully_consumed_and_exact_length) ... ok
test_results_and_iterable_inputs_are_copy_isolated (test_mirror_retention.RetentionContracts.test_results_and_iterable_inputs_are_copy_isolated) ... ok
test_support_ten_but_per_plan_candidate_cap_is_eight (test_mirror_retention.RetentionContracts.test_support_ten_but_per_plan_candidate_cap_is_eight) ... ok
test_unknown_nonmirror_entry_has_no_support (test_mirror_retention.RetentionContracts.test_unknown_nonmirror_entry_has_no_support) ... ok
test_default_dimensions_require_actual_capture_shape (test_mirror_retention.SnapshotContracts.test_default_dimensions_require_actual_capture_shape) ... ok
test_disjoint_categories_and_physical_empty_slots (test_mirror_retention.SnapshotContracts.test_disjoint_categories_and_physical_empty_slots) ... ok
test_empty_slots_may_repeat_and_disabled_ring_cursor_is_zero (test_mirror_retention.SnapshotContracts.test_empty_slots_may_repeat_and_disabled_ring_cursor_is_zero) ... ok
test_invalid_occupied_ids_and_duplicates_reject (test_mirror_retention.SnapshotContracts.test_invalid_occupied_ids_and_duplicates_reject) ... ok
test_snapshot_cursor_missing_field_and_unordered_array_reject (test_mirror_retention.SnapshotContracts.test_snapshot_cursor_missing_field_and_unordered_array_reject) ... ok
test_snapshot_results_do_not_alias_input (test_mirror_retention.SnapshotContracts.test_snapshot_results_do_not_alias_input) ... ok

----------------------------------------------------------------------
Ran 45 tests in 2.465s

OK
