[  0%] Building CXX object CMakeFiles/q4t_runtime.dir/src/runtime/memory_budget.cpp.o
[  0%] Building CXX object CMakeFiles/q4t_ple.dir/src/ple/ngram_hash.cpp.o
[  0%] Building CXX object CMakeFiles/q4t_io.dir/src/io/json.cpp.o
[  2%] Building CXX object CMakeFiles/q4t_trace.dir/src/trace/mtp_cycle_timing.cpp.o
[  5%] Building CXX object CMakeFiles/q4t_ple.dir/src/ple/ngram_hash_derive.cpp.o
[  8%] Building CXX object CMakeFiles/q4t_io.dir/src/io/safetensors.cpp.o
[  8%] Building CXX object CMakeFiles/q4t_io.dir/src/io/model_config.cpp.o
[  8%] Building CXX object CMakeFiles/q4t_ple.dir/src/ple/page_reader.cpp.o
[ 11%] Building CXX object CMakeFiles/q4t_io.dir/src/io/weight_loader.cpp.o
[ 11%] Building CXX object CMakeFiles/q4t_trace.dir/src/trace/mtp_verify_moe_timing.cpp.o
[ 14%] Building CXX object CMakeFiles/q4t_trace.dir/src/trace/router_trace.cpp.o
[ 17%] Linking CXX static library libq4t_runtime.a
[ 17%] Built target q4t_runtime
[ 17%] Building CXX object CMakeFiles/q4t_trace.dir/src/trace/router_collector.cpp.o
[ 20%] Building CUDA object CMakeFiles/q4t_ple.dir/src/ple/fp8_convert.cu.o
[ 22%] Building CXX object CMakeFiles/q4t_trace.dir/src/trace/sha256.cpp.o
[ 22%] Building CXX object CMakeFiles/q4t_ple.dir/src/ple/ple_embedding.cpp.o
[ 25%] Linking CXX static library libq4t_ple.a
[ 25%] Built target q4t_ple
[ 28%] Linking CXX static library libq4t_io.a
[ 28%] Built target q4t_io
[ 31%] Building CXX object CMakeFiles/q4t_text.dir/src/text/tokenizer.cpp.o
[ 34%] Linking CXX static library libq4t_trace.a
[ 34%] Built target q4t_trace
[ 34%] Building CUDA object CMakeFiles/q4t_quant.dir/src/quant/dequant.cu.o
[ 37%] Building CUDA object CMakeFiles/q4t_quant.dir/src/quant/act_quant.cu.o
[ 37%] Building CXX object CMakeFiles/q4t_quant.dir/src/quant/moe_weights.cpp.o
[ 40%] Building CUDA object CMakeFiles/q4t_quant.dir/src/quant/moe_gemm.cu.o
[ 40%] Building CUDA object CMakeFiles/q4t_quant.dir/src/quant/moe_decode.cu.o
[ 42%] Building CXX object CMakeFiles/q4t_quant.dir/src/quant/lt_cache.cpp.o
[ 42%] Linking CXX static library libq4t_text.a
[ 42%] Built target q4t_text
[ 45%] Linking CXX static library libq4t_quant.a
[ 45%] Built target q4t_quant
[ 45%] Building CUDA object CMakeFiles/q4t_model.dir/src/model/full_attention.cu.o
[ 45%] Building CUDA object CMakeFiles/q4t_model.dir/src/model/hyperconnection.cu.o
[ 51%] Building CUDA object CMakeFiles/q4t_model.dir/src/model/linear_attention.cu.o
[ 51%] Building CUDA object CMakeFiles/q4t_model.dir/src/model/qsa_decode.cu.o
[ 51%] Building CUDA object CMakeFiles/q4t_model.dir/src/model/streaming_topk.cu.o
[ 54%] Building CUDA object CMakeFiles/q4t_model.dir/src/model/decode_topk.cu.o
[ 54%] Building CUDA object CMakeFiles/q4t_model.dir/src/model/short_topk.cu.o
[ 57%] Building CUDA object CMakeFiles/q4t_model.dir/src/model/indexer_decode.cu.o
[ 57%] Building CUDA object CMakeFiles/q4t_model.dir/src/model/moe.cu.o
[ 60%] Building CUDA object CMakeFiles/q4t_model.dir/src/model/ple_layer.cu.o
[ 60%] Building CUDA object CMakeFiles/q4t_model.dir/src/model/decoder_layer.cu.o
[ 62%] Building CUDA object CMakeFiles/q4t_model.dir/src/model/model_head.cu.o
[ 62%] Building CUDA object CMakeFiles/q4t_model.dir/src/model/model.cu.o
[ 65%] Building CXX object CMakeFiles/q4t_model.dir/src/model/model_owner.cpp.o
[ 68%] Building CUDA object CMakeFiles/q4t_model.dir/src/model/gemv.cu.o
[ 68%] Building CUDA object CMakeFiles/q4t_model.dir/src/model/gemv_hc_inject.cu.o
[ 71%] Building CUDA object CMakeFiles/q4t_model.dir/src/mtp/moe_bf16.cu.o
[ 71%] Building CUDA object CMakeFiles/q4t_model.dir/src/mtp/mtp.cu.o
[ 74%] Building CXX object CMakeFiles/q4t_model.dir/src/mtp/mtp_sequential.cpp.o
[ 74%] Building CXX object CMakeFiles/q4t_model.dir/src/mtp/init_timing.cpp.o
[ 77%] Building CUDA object CMakeFiles/q4t_model.dir/src/vision/vision.cu.o
[ 77%] Building CXX object CMakeFiles/q4t_model.dir/src/vision/processor.cpp.o
[ 80%] Linking CXX static library libq4t_model.a
[ 80%] Built target q4t_model
[ 80%] Building CXX object CMakeFiles/q4t_server.dir/src/server/chat_server.cpp.o
[ 82%] Building CXX object CMakeFiles/q4t_server.dir/src/server/server_options.cpp.o
[ 82%] Building CXX object CMakeFiles/q4t_server.dir/src/server/chat_http.cpp.o
[ 85%] Building CXX object CMakeFiles/q4t_server.dir/src/server/chat_input.cpp.o
[ 85%] Building CXX object CMakeFiles/q4t_server.dir/src/server/chat_metrics.cpp.o
[ 88%] Building CXX object CMakeFiles/q4t_server.dir/src/server/chat_scheduler.cpp.o
[ 91%] Building CXX object CMakeFiles/q4t_server.dir/src/server/chat_generation.cpp.o
[ 91%] Building CXX object CMakeFiles/q4t_server.dir/src/server/http_request.cpp.o
[ 94%] Building CXX object CMakeFiles/q4t_server.dir/src/server/chat_contract.cpp.o
[ 94%] Building CXX object CMakeFiles/q4t_server.dir/src/server/chat_template.cpp.o
[ 97%] Linking CXX static library libq4t_server.a
[ 97%] Built target q4t_server
[ 97%] Building CXX object CMakeFiles/q4t.dir/src/main.cpp.o
[100%] Linking CXX executable q4t
[100%] Built target q4t
[  9%] Built target q4t_io
[ 11%] Built target q4t_ple
[ 19%] Built target q4t_trace
[ 21%] Built target q4t_text
[ 29%] Built target q4t_quant
[ 52%] Built target q4t_model
[ 52%] Building CXX object CMakeFiles/q4t_tests.dir/tests/ple_ngram_hash_test.cpp.o
[ 54%] Building CXX object CMakeFiles/q4t_tests.dir/tests/ple_fp8_convert_test.cpp.o
[ 54%] Building CXX object CMakeFiles/q4t_tests.dir/tests/ple_page_reader_test.cpp.o
[ 56%] Building CXX object CMakeFiles/q4t_tests.dir/tests/ple_e2e_gather_test.cpp.o
[ 56%] Building CXX object CMakeFiles/q4t_tests.dir/tests/ple_working_memory_test.cpp.o
[ 58%] Building CXX object CMakeFiles/q4t_tests.dir/tests/io_json_test.cpp.o
[ 60%] Building CXX object CMakeFiles/q4t_tests.dir/tests/model_sequence_test.cpp.o
[ 60%] Building CXX object CMakeFiles/q4t_tests.dir/tests/server_http_request_test.cpp.o
[ 62%] Building CXX object CMakeFiles/q4t_tests.dir/tests/server_chat_contract_test.cpp.o
[ 62%] Building CXX object CMakeFiles/q4t_tests.dir/src/server/chat_contract.cpp.o
[ 64%] Building CXX object CMakeFiles/q4t_tests.dir/src/server/http_request.cpp.o
[ 64%] Building CXX object CMakeFiles/q4t_tests.dir/tests/io_safetensors_test.cpp.o
[ 66%] Building CXX object CMakeFiles/q4t_tests.dir/tests/io_model_config_test.cpp.o
[ 66%] Building CXX object CMakeFiles/q4t_tests.dir/tests/io_weight_loader_test.cpp.o
[ 68%] Building CXX object CMakeFiles/q4t_tests.dir/tests/quant_fp4_test.cpp.o
[ 68%] Building CXX object CMakeFiles/q4t_tests.dir/tests/quant_moe_load_test.cpp.o
[ 70%] Building CXX object CMakeFiles/q4t_tests.dir/tests/quant_moe_gemm_test.cpp.o
[ 70%] Building CXX object CMakeFiles/q4t_tests.dir/tests/model_hyperconnection_test.cpp.o
[ 72%] Building CXX object CMakeFiles/q4t_tests.dir/tests/model_linear_attention_test.cpp.o
[ 72%] Building CXX object CMakeFiles/q4t_tests.dir/tests/model_full_attention_test.cpp.o
[ 74%] Building CXX object CMakeFiles/q4t_tests.dir/tests/streaming_topk_test.cpp.o
[ 74%] Building CXX object CMakeFiles/q4t_tests.dir/tests/model_decoder_layer_test.cpp.o
[ 76%] Building CXX object CMakeFiles/q4t_tests.dir/tests/model_ple_layer_test.cpp.o
[ 78%] Building CXX object CMakeFiles/q4t_tests.dir/tests/model_head_test.cpp.o
[ 78%] Building CXX object CMakeFiles/q4t_tests.dir/tests/gemv_fp8_test.cpp.o
[ 80%] Building CXX object CMakeFiles/q4t_tests.dir/tests/model_forward_test.cpp.o
[ 80%] Building CXX object CMakeFiles/q4t_tests.dir/tests/model_moe_test.cpp.o
[ 82%] Building CXX object CMakeFiles/q4t_tests.dir/tests/model_verify_multi_test.cpp.o
[ 82%] Building CXX object CMakeFiles/q4t_tests.dir/tests/model_prefill_batch_test.cpp.o
[ 84%] Building CXX object CMakeFiles/q4t_tests.dir/tests/model_mixed_batch_test.cpp.o
[ 84%] Building CXX object CMakeFiles/q4t_tests.dir/tests/mtp_draft_test.cpp.o
[ 86%] Building CXX object CMakeFiles/q4t_tests.dir/tests/mtp_speculative_test.cpp.o
[ 86%] Building CXX object CMakeFiles/q4t_tests.dir/tests/mtp_spec_multi_test.cpp.o
[ 88%] Building CXX object CMakeFiles/q4t_tests.dir/tests/model_decode_rope_test.cpp.o
[ 88%] Building CXX object CMakeFiles/q4t_tests.dir/tests/mtp_checkpoint_layout_test.cpp.o
[ 90%] Building CXX object CMakeFiles/q4t_tests.dir/tests/mtp_path_triangle_test.cpp.o
[ 90%] Building CXX object CMakeFiles/q4t_tests.dir/tests/mtp_known_position_test.cpp.o
[ 92%] Building CXX object CMakeFiles/q4t_tests.dir/tests/mtp_init_tail_test.cpp.o
[ 94%] Building CXX object CMakeFiles/q4t_tests.dir/tests/vision_forward_test.cpp.o
[ 94%] Building CXX object CMakeFiles/q4t_tests.dir/tests/model_vision_inject_test.cpp.o
[ 96%] Building CXX object CMakeFiles/q4t_tests.dir/tests/vision_processor_test.cpp.o
[ 96%] Building CXX object CMakeFiles/q4t_tests.dir/tests/video_processor_test.cpp.o
[ 98%] Building CXX object CMakeFiles/q4t_tests.dir/tests/vision_e2e_test.cpp.o
[ 98%] Building CXX object CMakeFiles/q4t_tests.dir/tests/test_main.cpp.o
[100%] Building CXX object CMakeFiles/q4t_tests.dir/tests/text_tokenizer_test.cpp.o
[100%] Linking CXX executable q4t_tests
[100%] Built target q4t_tests
[ 23%] Built target q4t_io
[ 30%] Built target q4t_text
[ 30%] Building CXX object CMakeFiles/q4t_host_tests.dir/src/trace/sha256.cpp.o
[ 38%] Building CXX object CMakeFiles/q4t_host_tests.dir/tests/router_trace_hash_test.cpp.o
[ 38%] Building CXX object CMakeFiles/q4t_host_tests.dir/tests/router_trace_test.cpp.o
[ 46%] Building CXX object CMakeFiles/q4t_host_tests.dir/src/trace/router_trace.cpp.o
[ 46%] Building CXX object CMakeFiles/q4t_host_tests.dir/tests/test_main.cpp.o
[ 53%] Building CXX object CMakeFiles/q4t_host_tests.dir/tests/server_options_test.cpp.o
[ 61%] Building CXX object CMakeFiles/q4t_host_tests.dir/tests/server_mtp_policy_test.cpp.o
[ 61%] Building CXX object CMakeFiles/q4t_host_tests.dir/tests/server_scheduler_submission_test.cpp.o
[ 69%] Building CXX object CMakeFiles/q4t_host_tests.dir/src/server/server_options.cpp.o
[ 69%] Building CXX object CMakeFiles/q4t_host_tests.dir/tests/io_json_test.cpp.o
[ 76%] Building CXX object CMakeFiles/q4t_host_tests.dir/tests/model_sequence_test.cpp.o
[ 76%] Building CXX object CMakeFiles/q4t_host_tests.dir/tests/server_http_request_test.cpp.o
[ 84%] Building CXX object CMakeFiles/q4t_host_tests.dir/tests/server_chat_contract_test.cpp.o
[ 84%] Building CXX object CMakeFiles/q4t_host_tests.dir/src/server/http_request.cpp.o
[ 92%] Building CXX object CMakeFiles/q4t_host_tests.dir/src/server/chat_contract.cpp.o
[ 92%] Building CXX object CMakeFiles/q4t_host_tests.dir/tests/text_tokenizer_test.cpp.o
[100%] Linking CXX executable q4t_host_tests
[100%] Built target q4t_host_tests
[ 50%] Building CXX object CMakeFiles/q4t_mtp_sequential_control.dir/tests/test_main.cpp.o
[ 50%] Building CXX object CMakeFiles/q4t_mtp_sequential_control.dir/tests/mtp_sequential_control_test.cpp.o
[100%] Building CXX object CMakeFiles/q4t_mtp_sequential_control.dir/src/mtp/mtp_sequential.cpp.o
[100%] Linking CXX executable q4t_mtp_sequential_control
[100%] Built target q4t_mtp_sequential_control
[  0%] Building CXX object CMakeFiles/q4t_mtp_position_copy.dir/tests/mtp_position_copy_test.cpp.o
[100%] Linking CXX executable q4t_mtp_position_copy
[100%] Built target q4t_mtp_position_copy
[  2%] Built target q4t_runtime
[ 11%] Built target q4t_ple
[ 19%] Built target q4t_io
[ 30%] Built target q4t_trace
[ 33%] Built target q4t_text
[ 44%] Built target q4t_quant
[ 77%] Built target q4t_model
[ 94%] Built target q4t_server
[100%] Building CXX object CMakeFiles/q4t_mtp_t4_completion_fault_server.dir/tests/mtp_t4_completion_fault_server.cpp.o
[100%] Building CXX object CMakeFiles/q4t_mtp_t4_completion_fault_server.dir/src/main.cpp.o
[100%] Linking CXX executable q4t_mtp_t4_completion_fault_server
/usr/bin/ld: CMakeFiles/q4t_mtp_t4_completion_fault_server.dir/tests/mtp_t4_completion_fault_server.cpp.o: in function `__wrap__ZN3q4t3mtp23MtpSpeculativeStepMultiERKNS_5model5ModelERKNS0_8MtpModelEPKPKNS1_13ModelSequenceEPKiSE_PKPKtiiPiSJ_SJ_SJ_PPtP11CUstream_stPNS_5trace12MtpCycleStepEPNSO_16MtpVerifyMoeStepESt4spanIKiLm18446744073709551615EE':
mtp_t4_completion_fault_server.cpp:(.text+0x19c8): undefined reference to `q4t::mtp::MtpSpeculativeStepMulti(q4t::model::Model const&, q4t::mtp::MtpModel const&, q4t::model::ModelSequence const* const*, int const*, int const*, unsigned short const* const*, int, int, int*, int*, int*, int*, unsigned short**, CUstream_st*, q4t::trace::MtpCycleStep*, q4t::trace::MtpVerifyMoeStep*, std::span<int const, 18446744073709551615ul>)'
collect2: error: ld returned 1 exit status
gmake[3]: *** [CMakeFiles/q4t_mtp_t4_completion_fault_server.dir/build.make:137: q4t_mtp_t4_completion_fault_server] Error 1
gmake[2]: *** [CMakeFiles/Makefile2:1250: CMakeFiles/q4t_mtp_t4_completion_fault_server.dir/all] Error 2
gmake[1]: *** [CMakeFiles/Makefile2:1257: CMakeFiles/q4t_mtp_t4_completion_fault_server.dir/rule] Error 2
gmake: *** [Makefile:544: q4t_mtp_t4_completion_fault_server] Error 2
